<?xml version="1.0" encoding="utf-8"?><testsuites name="pytest tests"><testsuite name="pytest" errors="0" failures="0" skipped="0" tests="25" time="0.135" timestamp="2025-11-04T16:04:21.349899-05:00" hostname="DESKTOP-12RAQCF"><testcase classname="tests.test_api_client" name="test_success_get_returns_json" time="0.005" /><testcase classname="tests.test_api_client" name="test_auth_error_raises_autherror" time="0.005" /><testcase classname="tests.test_api_client" name="test_transient_503_retries_then_succeeds" time="0.006" /><testcase classname="tests.test_api_client" name="test_network_timeout_retries_then_fails" time="0.005" /><testcase classname="tests.test_api_client" name="test_invalid_json_raises" time="0.005" /><testcase classname="tests.test_api_client" name="test_post_sends_body_and_headers" time="0.006" /><testcase classname="tests.test_api_client_unittestmock" name="test_success_get_returns_json" time="0.011" /><testcase classname="tests.test_api_client_unittestmock" name="test_auth_error_raises_autherror" time="0.005" /><testcase classname="tests.test_api_client_unittestmock" name="test_transient_503_retries_then_succeeds" time="0.007" /><testcase classname="tests.test_api_client_unittestmock" name="test_network_timeout_retries_then_fails" time="0.005" /><testcase classname="tests.test_api_client_unittestmock" name="test_invalid_json_raises" time="0.007" /><testcase classname="tests.test_api_client_unittestmock" name="test_post_sends_body_and_headers" time="0.007" /><testcase classname="tests.test_api_client_unittestmock" name="test_env_overrides" time="0.005" /><testcase classname="tests.test_db_module" name="test_sum" time="0.000" /><testcase classname="tests.test_db_module" name="test_append" time="0.000" /><testcase classname="tests.test_math_ops" name="test_add[1-2-3]" time="0.000" /><testcase classname="tests.test_math_ops" name="test_add[-1-1-0]" time="0.000" /><testcase classname="tests.test_math_ops" name="test_add[0-0-0]" time="0.000" /><testcase classname="tests.test_math_ops" name="test_divide_valid" time="0.000" /><testcase classname="tests.test_math_ops" name="test_divide_by_zero" time="0.000" /><testcase classname="tests.test_math_ops" name="test_subtract[5-3-2]" time="0.000" /><testcase classname="tests.test_math_ops" name="test_subtract[0-0-0]" time="0.000" /><testcase classname="tests.test_math_ops" name="test_subtract[-1-1--2]" time="0.000" /><testcase classname="tests.test_mocking" name="test_get_status_ok" time="0.001" /><testcase classname="tests.test_mocking" name="test_get_status_not_found" time="0.000" /></testsuite></testsuites>